2026-07-30 22:51:30,680 [INFO] ============================================================
2026-07-30 22:51:30,681 [INFO] 🤖 美甲学院 - 每日自动更新
2026-07-30 22:51:30,681 [INFO]    模式: 📥 正式
2026-07-30 22:51:30,681 [INFO]    时间: 2026-07-30 22:51:30
2026-07-30 22:51:30,681 [INFO]    ffmpeg: ✅
2026-07-30 22:51:30,681 [INFO] ============================================================
2026-07-30 22:51:31,175 [INFO] 
🔍 搜索: 美甲教程新手入门
2026-07-30 22:51:31,688 [INFO]    → 新视频: 3 个
2026-07-30 22:51:32,190 [INFO] 
🔍 搜索: 美甲教程2024
2026-07-30 22:51:32,703 [INFO]    → 新视频: 2 个
2026-07-30 22:51:33,204 [INFO] 
🔍 搜索: 美甲教程2025
2026-07-30 22:51:33,770 [INFO]    → 新视频: 3 个
2026-07-30 22:51:34,271 [INFO] 
🔍 搜索: 法式美甲教程
2026-07-30 22:51:34,830 [INFO]    → 新视频: 3 个
2026-07-30 22:51:35,330 [INFO] 
🔍 搜索: 渐变美甲教程
2026-07-30 22:51:36,032 [INFO]    → 新视频: 3 个
2026-07-30 22:51:36,533 [INFO] 
🔍 搜索: 猫眼美甲教程
2026-07-30 22:51:37,074 [INFO]    → 新视频: 3 个
2026-07-30 22:51:37,574 [INFO] 
🔍 搜索: 穿戴甲制作教程
2026-07-30 22:51:38,118 [INFO]    → 新视频: 3 个
2026-07-30 22:51:38,619 [INFO] 
🔍 搜索: 延长甲教程
2026-07-30 22:51:39,122 [INFO]    → 新视频: 3 个
2026-07-30 22:51:39,622 [INFO] 
🔍 搜索: 美甲手绘教程
2026-07-30 22:51:40,155 [INFO]    → 新视频: 3 个
2026-07-30 22:51:40,656 [INFO] 
🔍 搜索: 美甲秋冬新款
2026-07-30 22:51:41,244 [INFO]    → 新视频: 3 个
2026-07-30 22:51:41,745 [INFO] 
🔍 搜索: 美甲春夏新款
2026-07-30 22:51:42,548 [INFO]    → 新视频: 1 个
2026-07-30 22:51:43,049 [INFO] 
🔍 搜索: 日式美甲教程
2026-07-30 22:51:43,626 [INFO]    → 新视频: 2 个
2026-07-30 22:51:44,127 [INFO] 
🔍 搜索: 韩式美甲教程
2026-07-30 22:51:44,673 [INFO]    → 新视频: 3 个
2026-07-30 22:51:45,174 [INFO] 
🔍 搜索: 美甲设计教程
2026-07-30 22:51:45,705 [INFO]    → 新视频: 3 个
2026-07-30 22:51:46,206 [INFO] 
🔍 搜索: 美甲彩绘教程
2026-07-30 22:51:46,756 [INFO]    → 新视频: 2 个
2026-07-30 22:51:47,257 [INFO] 
🔍 搜索: 美甲雕花教程
2026-07-30 22:51:47,740 [INFO]    → 新视频: 3 个
2026-07-30 22:51:48,240 [INFO] 
🔍 搜索: 美甲贴钻教程
2026-07-30 22:51:48,773 [INFO]    → 新视频: 3 个
2026-07-30 22:51:49,273 [INFO] 
🔍 搜索: 大理石纹美甲
2026-07-30 22:51:49,860 [INFO]    → 新视频: 3 个
2026-07-30 22:51:50,361 [INFO] 
🔍 搜索: 磨砂美甲教程
2026-07-30 22:51:50,933 [INFO]    → 新视频: 3 个
2026-07-30 22:51:51,434 [INFO] 
🔍 搜索: 镜面美甲教程
2026-07-30 22:51:51,905 [INFO]    → 新视频: 3 个
2026-07-30 22:51:52,406 [INFO] 
🔍 搜索: 美甲diy教程
2026-07-30 22:51:52,873 [INFO]    → 新视频: 3 个
2026-07-30 22:51:53,374 [INFO] 
🔍 搜索: 新手学美甲
2026-07-30 22:51:53,909 [INFO]    → 新视频: 2 个
2026-07-30 22:51:54,410 [INFO] 
📊 搜索完成: 发现 60 个新视频
2026-07-30 22:51:54,410 [INFO] 
📥 开始下载 15 个视频...
2026-07-30 22:51:54,410 [INFO] 
[1/15] 零基础学美甲|002美甲工具的认识和了解|新手小白入门级美甲教程
2026-07-30 22:53:54,440 [WARNING]   ⚠️ 下载失败: Command '['yt-dlp', '-f', '30064', '--no-playlist', '--no-progress', '-o', 'C:\\Users\\28674\\phaser-rpg-game\\nail-art-academy\\scraper\\..\\backend\\videos\\auto_BV1JM4y1T7ki_v.mp4', 'https://www.bilibili.com/video/BV1JM4y1T7ki']' timed out after 120 seconds
2026-07-30 22:53:55,441 [INFO] 
[2/15] 宿舍美甲｜小白如何入坑美甲，美甲步骤and工具分享
2026-07-30 22:54:19,050 [INFO]   📥 下载完成: auto_BV1pM4y167qg.mp4 (59.0MB)
2026-07-30 22:54:20,051 [INFO] 
[3/15] 四分钟了解一下美甲建构到底是什么？
2026-07-30 22:54:37,240 [INFO]   📥 下载完成: auto_BV1ar421t7GW.mp4 (32.1MB)
2026-07-30 22:54:38,240 [INFO] 
[4/15] 穿戴甲胶水使用教程
2026-07-30 22:54:49,044 [INFO]   📥 下载完成: auto_BV1Bt421V7pv.mp4 (11.9MB)
2026-07-30 22:54:50,045 [INFO] 
[5/15] 美甲各种功能胶讲解
2026-07-30 22:55:01,125 [INFO]   📥 下载完成: auto_BV1vA411X7oS.mp4 (18.8MB)
2026-07-30 22:55:02,125 [INFO] 
[6/15] 拯救美甲破烂王！！转印纸用法大全
2026-07-30 22:55:26,379 [INFO]   📥 下载完成: auto_BV11nhMzfExq.mp4 (41.1MB)
2026-07-30 22:55:27,380 [INFO] 
[7/15] 【JiaNail】2018所有美甲款式
2026-07-30 22:55:48,343 [INFO]   📥 下载完成: auto_BV1H4411v7dG.mp4 (33.5MB)
2026-07-30 22:55:49,344 [INFO] 
[8/15] 哇！惊呼、你的指甲死皮有竟然这么久没剪了、快来看看专业的美甲师是如何修手的吧。美甲日式前湿处理实操讲
2026-07-30 22:57:39,787 [INFO]   📥 下载完成: auto_BV1Rv4y1F7Si.mp4 (129.4MB)
2026-07-30 22:57:40,788 [INFO] 
[9/15] 法式美甲教程来了，一看就会，简简单单#美甲美睫学校 #快成长计划 #潮流生活成长之星 #内容启发分享
2026-07-30 22:58:05,397 [INFO]   📥 下载完成: auto_BV1NSNDzSEyQ.mp4 (32.3MB)
2026-07-30 22:58:06,398 [INFO] 
[10/15] 新手必看‼️零失败的法式画法秘诀‼️
2026-07-30 22:58:17,846 [INFO]   📥 下载完成: auto_BV1av4y1R7H9.mp4 (15.2MB)
2026-07-30 22:58:18,847 [INFO] 
[11/15] 法式美甲教程3.0
2026-07-30 23:00:48,128 [INFO]   📥 下载完成: auto_BV14w3b69ETG.mp4 (329.6MB)
2026-07-30 23:00:49,128 [INFO] 
[12/15] 无痕单色渐变美甲技法教程
2026-07-30 23:01:14,865 [INFO]   📥 下载完成: auto_BV1Vv4y1q7Cy.mp4 (36.1MB)
2026-07-30 23:01:15,866 [INFO] 
[13/15] 超简单渐变色指甲油美甲（非专业教程）
2026-07-30 23:01:42,486 [INFO]   📥 下载完成: auto_BV1hK411P7en.mp4 (48.8MB)
2026-07-30 23:01:43,487 [INFO] 
[14/15] Moana带你学美甲 | 常用几种渐变教程
2026-07-30 23:01:59,356 [INFO]   📥 下载完成: auto_BV18M411d7Kn.mp4 (17.0MB)
2026-07-30 23:02:00,366 [INFO] 
[15/15] 我看看是谁还不会吸猫眼！脑瓜伸过来我帮你！快来跟我一起get新手简单吸猫眼教程
2026-07-30 23:02:44,899 [INFO]   📥 下载完成: auto_BV1hj411d79W.mp4 (110.2MB)
2026-07-30 23:02:45,900 [INFO] 
📦 入库 14 个新教程...
2026-07-30 23:02:45,914 [INFO]   ✅ 入库: [tools-guide|beginner] 宿舍美甲｜小白如何入坑美甲，美甲步骤and工具分享
2026-07-30 23:02:45,918 [INFO]   ✅ 入库: [gel|beginner] 四分钟了解一下美甲建构到底是什么？
2026-07-30 23:02:45,921 [INFO]   ✅ 入库: [wearable|beginner] 穿戴甲胶水使用教程
2026-07-30 23:02:45,923 [INFO]   ✅ 入库: [gel|beginner] 美甲各种功能胶讲解
2026-07-30 23:02:45,925 [INFO]   ✅ 入库: [gel|beginner] 拯救美甲破烂王！！转印纸用法大全
2026-07-30 23:02:45,927 [INFO]   ✅ 入库: [gel|beginner] 【JiaNail】2018所有美甲款式
2026-07-30 23:02:45,930 [INFO]   ✅ 入库: [gel|advanced] 哇！惊呼、你的指甲死皮有竟然这么久没剪了、快来看看专业的美甲师是如何修手的吧。美甲日式前湿
2026-07-30 23:02:45,933 [INFO]   ✅ 入库: [french|beginner] 法式美甲教程来了，一看就会，简简单单#美甲美睫学校 #快成长计划 #潮流生活成长之星 #内
2026-07-30 23:02:45,935 [INFO]   ✅ 入库: [basic|beginner] 新手必看‼️零失败的法式画法秘诀‼️
2026-07-30 23:02:45,937 [INFO]   ✅ 入库: [french|beginner] 法式美甲教程3.0
2026-07-30 23:02:45,940 [INFO]   ✅ 入库: [gradient|beginner] 无痕单色渐变美甲技法教程
2026-07-30 23:02:45,941 [INFO]   ✅ 入库: [gel|beginner] 超简单渐变色指甲油美甲（非专业教程）
2026-07-30 23:02:45,944 [INFO]   ✅ 入库: [gradient|beginner] Moana带你学美甲 | 常用几种渐变教程
2026-07-30 23:02:45,946 [INFO]   ✅ 入库: [cat-eye|beginner] 我看看是谁还不会吸猫眼！脑瓜伸过来我帮你！快来跟我一起get新手简单吸猫眼教程
2026-07-30 23:02:45,966 [INFO] 
============================================================
2026-07-30 23:02:45,966 [INFO] 📊 本次更新汇总:
2026-07-30 23:02:45,966 [INFO]    搜索发现: 60 个
2026-07-30 23:02:45,966 [INFO]    下载成功: 14 个
2026-07-30 23:02:45,966 [INFO]    入库成功: 14 个
2026-07-30 23:02:45,966 [INFO]    跳过:     1 个
2026-07-30 23:02:45,980 [INFO]    数据库: 46 篇教程, 18 篇有本地视频
2026-07-30 23:02:45,980 [INFO] ============================================================
